[+] Containers:
 |- [+] Container: /Game/Maps/TopDownMap
 |   |- [+] ActorDescs:
 |   |   |- Guid:010E5DEC40CF3F4F8D75D2AD96E171F9 BaseClass: NativeClass:/Script/Engine.TriggerBox Name:TriggerBox_UAID_CC96E5378737225902_1703180473 Label:Boundary1 SpatiallyLoaded:1 Bounds:IsValid=true, Min=(X=1335.031 Y=-7131.887 Z=-93.709), Max=(X=1336.740 Y=-4985.005 Z=78.362) RuntimeGrid:None EditorOnly:0 RuntimeOnly:0 HLODRelevant:0
 |   |   |- Guid:08A874E542CA700F9DEC6184C1A7C4AC BaseClass: NativeClass:/Script/Engine.StaticMeshActor Name:StaticMeshActor_UAID_CC96E5378737225902_2064390483 Label:tree_Cylinder_11 SpatiallyLoaded:1 Bounds:IsValid=true, Min=(X=3252.728 Y=-11876.598 Z=751.963), Max=(X=3535.532 Y=-11586.859 Z=1189.900) RuntimeGrid:None EditorOnly:0 RuntimeOnly:0 HLODRelevant:1 FolderPath:Models FolderGuid:F1D00F5E4B39E8B2847EB4A76FE93D5E
 |   |   |- Guid:0FBD4A4148405141060345923BC022A8 BaseClass: NativeClass:/Script/Engine.StaticMeshActor Name:StaticMeshActor_UAID_CC96E5378737225902_2078000487 Label:tree_Cylinder_14 SpatiallyLoaded:1 Bounds:IsValid=true, Min=(X=7867.058 Y=-11344.901 Z=1524.315), Max=(X=8398.741 Y=-10753.467 Z=2253.969) RuntimeGrid:None EditorOnly:0 RuntimeOnly:0 HLODRelevant:1 FolderPath:Models FolderGuid:F1D00F5E4B39E8B2847EB4A76FE93D5E
 |   |   |- Guid:112DEAC845DC92F57BA80E812B899F38 BaseClass: NativeClass:/Script/Engine.StaticMeshActor Name:StaticMeshActor_UAID_CC96E5378737225902_2077999486 Label:tree_Cylinder_13 SpatiallyLoaded:1 Bounds:IsValid=true, Min=(X=8681.489 Y=-12378.368 Z=1525.661), Max=(X=9312.219 Y=-11682.568 Z=2395.106) RuntimeGrid:None EditorOnly:0 RuntimeOnly:0 HLODRelevant:1 FolderPath:Models FolderGuid:F1D00F5E4B39E8B2847EB4A76FE93D5E
 |   |   |- Guid:147C8D134B12D635012D5F8C57D2C96F BaseClass: NativeClass:/Script/Engine.PostProcessVolume Name:PostProcessVolume_1 Label:PostProcessVolume SpatiallyLoaded:0 Bounds:IsValid=true, Min=(X=0.000 Y=0.000 Z=400.000), Max=(X=200.000 Y=200.000 Z=600.000) RuntimeGrid:None EditorOnly:0 RuntimeOnly:0 HLODRelevant:0 FolderPath:Lighting FolderGuid:4C9334684BA61B42C769F799D2576455
 |   |   |- Guid:1742DF43475F097453197AA79C7473D9 BaseClass: NativeClass:/Script/Engine.SkyLight Name:SkyLight_1 Label:SkyLight SpatiallyLoaded:0 Bounds:IsValid=true, Min=(X=0.000 Y=0.000 Z=690.000), Max=(X=0.000 Y=0.000 Z=690.000) RuntimeGrid:None EditorOnly:0 RuntimeOnly:0 HLODRelevant:0 FolderPath:Lighting FolderGuid:4C9334684BA61B42C769F799D2576455
 |   |   |- Guid:1CF0535C48B6B86F30EF5B87E1188C52 BaseClass: NativeClass:/Script/Engine.TriggerBox Name:TriggerBox_UAID_CC96E5378737225902_1865267475 Label:Boundary3 SpatiallyLoaded:1 Bounds:IsValid=true, Min=(X=1313.207 Y=-5001.821 Z=-93.709), Max=(X=3620.119 Y=-5000.112 Z=78.362) RuntimeGrid:None EditorOnly:0 RuntimeOnly:0 HLODRelevant:0
 |   |   |- Guid:1FEC8FAC495CEF0CE32492ADCBB96BAE BaseClass: NativeClass:/Script/AIModule.NavLinkProxy Name:NavLinkProxy_3 Label:NavLinkProxy3 SpatiallyLoaded:1 Bounds:IsValid=true, Min=(X=2240.000 Y=1030.000 Z=90.000), Max=(X=2240.000 Y=1030.000 Z=90.000) RuntimeGrid:None EditorOnly:0 RuntimeOnly:0 HLODRelevant:0 FolderPath:Navigation FolderGuid:AE45D61F453CC144CF8289862C276E89
 |   |   |- Guid:2DF0D95440BE0EDA81652F860DC7268E BaseClass: NativeClass:/Script/Engine.WorldDataLayers Name:WorldDataLayers Label:WorldDataLayers SpatiallyLoaded:0 Bounds:IsValid=true, Min=(X=0.000 Y=0.000 Z=0.000), Max=(X=0.000 Y=0.000 Z=0.000) RuntimeGrid:None EditorOnly:0 RuntimeOnly:0 HLODRelevant:0
 |   |   |- Guid:2E23D96443DF8B2923571B86AB671DE0 BaseClass: NativeClass:/Script/Engine.StaticMeshActor Name:StaticMeshActor_UAID_CC96E5378737225902_1264962472 Label:tree_Cylinder_6 SpatiallyLoaded:1 Bounds:IsValid=true, Min=(X=1760.244 Y=-6989.518 Z=-44.499), Max=(X=1956.257 Y=-6726.974 Z=343.875) RuntimeGrid:None EditorOnly:0 RuntimeOnly:0 HLODRelevant:1 FolderPath:Models FolderGuid:F1D00F5E4B39E8B2847EB4A76FE93D5E
 |   |   |- Guid:362955DC4E7167A21D78C39D77647046 BaseClass: NativeClass:/Script/Engine.StaticMeshActor Name:StaticMeshActor_UAID_CC96E5378737225902_2064388481 Label:tree_Cylinder_4 SpatiallyLoaded:1 Bounds:IsValid=true, Min=(X=2100.269 Y=-12301.031 Z=753.444), Max=(X=2605.489 Y=-11739.034 Z=1446.783) RuntimeGrid:None EditorOnly:0 RuntimeOnly:0 HLODRelevant:1 FolderPath:Models FolderGuid:F1D00F5E4B39E8B2847EB4A76FE93D5E
 |   |   |- Guid:51565B5C48C72767492235BF90298395 BaseClass: NativeClass:/Script/Engine.StaticMeshActor Name:StaticMeshActor_UAID_CC96E5378737375802_1768598108 Label:island3 SpatiallyLoaded:1 Bounds:IsValid=true, Min=(X=6580.006 Y=-12897.050 Z=381.929), Max=(X=9805.972 Y=-9412.725 Z=1528.869) RuntimeGrid:None EditorOnly:0 RuntimeOnly:0 HLODRelevant:1 FolderPath:Models FolderGuid:F1D00F5E4B39E8B2847EB4A76FE93D5E
 |   |   |- Guid:56306A2A48FAFD3133A7CF8483E45807 BaseClass: NativeClass:/Script/Engine.TriggerBox Name:TriggerBox_UAID_CC96E5378737225902_1965421477 Label:Boundary5 SpatiallyLoaded:1 Bounds:IsValid=true, Min=(X=1320.870 Y=-7122.375 Z=-93.709), Max=(X=2118.930 Y=-7120.666 Z=78.362) RuntimeGrid:None EditorOnly:0 RuntimeOnly:0 HLODRelevant:0
 |   |   |- Guid:5C3AE6BC4384D1C4E99DFBB2B60AF1A1 BaseClass: NativeClass:/Script/Engine.StaticMeshActor Name:StaticMeshActor_UAID_CC96E5378737375802_2043206109 Label:bridge SpatiallyLoaded:1 Bounds:IsValid=true, Min=(X=2110.938 Y=-9878.486 Z=-98.005), Max=(X=2671.209 Y=-6991.193 Z=1109.276) RuntimeGrid:None EditorOnly:0 RuntimeOnly:0 HLODRelevant:1 FolderPath:Models FolderGuid:F1D00F5E4B39E8B2847EB4A76FE93D5E
 |   |   |- Guid:5FBAA78240AF49AF46960CAC06B096E2 BaseClass: NativeClass:/Script/Engine.StaticMeshActor Name:StaticMeshActor_UAID_CC96E5378737225902_2078001489 Label:tree_Cylinder_16 SpatiallyLoaded:1 Bounds:IsValid=true, Min=(X=9074.961 Y=-10990.742 Z=1521.735), Max=(X=9507.184 Y=-10547.921 Z=2191.054) RuntimeGrid:None EditorOnly:0 RuntimeOnly:0 HLODRelevant:1 FolderPath:Models FolderGuid:F1D00F5E4B39E8B2847EB4A76FE93D5E
 |   |   |- Guid:6252C7D64ACF162A73EE65B11FE214D1 BaseClass: NativeClass:/Script/Engine.SkyAtmosphere Name:SkyAtmosphere_1 Label:SkyAtmosphere SpatiallyLoaded:0 Bounds:IsValid=true, Min=(X=0.000 Y=0.000 Z=1020.000), Max=(X=0.000 Y=0.000 Z=1020.000) RuntimeGrid:None EditorOnly:0 RuntimeOnly:0 HLODRelevant:0 FolderPath:Lighting FolderGuid:4C9334684BA61B42C769F799D2576455
 |   |   |- Guid:66BCBF874D2A22ADC6523B95EE812CA3 BaseClass: NativeClass:/Script/Engine.StaticMeshActor Name:StaticMeshActor_UAID_A4AE111137DC5CFB00_1660657071 Label:SM_SkySphere SpatiallyLoaded:0 Bounds:IsValid=true, Min=(X=-1638400.000 Y=-1638400.000 Z=-1638400.000), Max=(X=1638400.000 Y=1638400.000 Z=1638400.000) RuntimeGrid:None EditorOnly:0 RuntimeOnly:0 HLODRelevant:1 FolderPath:Lighting FolderGuid:4C9334684BA61B42C769F799D2576455
 |   |   |- Guid:77F893B3468595EE782136AD620D7EF4 BaseClass: NativeClass:/Script/Engine.VolumetricCloud Name:VolumetricCloud_0 Label:VolumetricCloud SpatiallyLoaded:0 Bounds:IsValid=true, Min=(X=0.000 Y=0.000 Z=820.000), Max=(X=0.000 Y=0.000 Z=820.000) RuntimeGrid:None EditorOnly:0 RuntimeOnly:0 HLODRelevant:0 FolderPath:Lighting FolderGuid:4C9334684BA61B42C769F799D2576455
 |   |   |- Guid:7D90A52A46D7E39B05002A914186EDE0 BaseClass: NativeClass:/Script/Engine.StaticMeshActor Name:StaticMeshActor_UAID_CC96E5378737385802_1075645286 Label:bridge2 SpatiallyLoaded:1 Bounds:IsValid=true, Min=(X=3821.597 Y=-11470.681 Z=698.467), Max=(X=6708.890 Y=-10631.307 Z=1905.748) RuntimeGrid:None EditorOnly:0 RuntimeOnly:0 HLODRelevant:1 FolderPath:Models FolderGuid:F1D00F5E4B39E8B2847EB4A76FE93D5E
 |   |   |- Guid:8362257C4333FF103698F0BDF497229A BaseClass: NativeClass:/Script/Engine.StaticMeshActor Name:StaticMeshActor_UAID_CC96E5378737225902_1129176465 Label:tree_Cylinder_006 SpatiallyLoaded:1 Bounds:IsValid=true, Min=(X=3021.524 Y=-6764.785 Z=-46.917), Max=(X=3304.327 Y=-6475.046 Z=391.019) RuntimeGrid:None EditorOnly:0 RuntimeOnly:0 HLODRelevant:1 FolderPath:Models FolderGuid:F1D00F5E4B39E8B2847EB4A76FE93D5E
 |   |   |- Guid:8CFF6FF1496F152D94B206A658385147 BaseClass: NativeClass:/Script/Engine.StaticMeshActor Name:StaticMeshActor_UAID_CC96E5378737225902_1153973467 Label:tree_Cylinder_7 SpatiallyLoaded:1 Bounds:IsValid=true, Min=(X=1413.878 Y=-6316.079 Z=-46.900), Max=(X=1687.975 Y=-6035.261 Z=377.553) RuntimeGrid:None EditorOnly:0 RuntimeOnly:0 HLODRelevant:1 FolderPath:Models FolderGuid:F1D00F5E4B39E8B2847EB4A76FE93D5E
 |   |   |- Guid:9E85E29143B315562EC5F7B0F683EFD8 BaseClass: NativeClass:/Script/Engine.StaticMeshActor Name:StaticMeshActor_UAID_CC96E5378737225902_1173911468 Label:tree_Cylinder_005 SpatiallyLoaded:1 Bounds:IsValid=true, Min=(X=2836.775 Y=-5814.374 Z=-44.527), Max=(X=3254.875 Y=-5425.054 Z=473.772) RuntimeGrid:None EditorOnly:0 RuntimeOnly:0 HLODRelevant:1 FolderPath:Models FolderGuid:F1D00F5E4B39E8B2847EB4A76FE93D5E
 |   |   |- Guid:A677E52C416D9523598EB7A067170E79 BaseClass: NativeClass:/Script/Engine.StaticMeshActor Name:StaticMeshActor_UAID_CC96E5378737235902_1115576666 Label:tree_Cylinder_17 SpatiallyLoaded:1 Bounds:IsValid=true, Min=(X=8992.387 Y=-10109.568 Z=1521.579), Max=(X=9520.714 Y=-9592.446 Z=2311.715) RuntimeGrid:None EditorOnly:0 RuntimeOnly:0 HLODRelevant:1 FolderPath:Models FolderGuid:F1D00F5E4B39E8B2847EB4A76FE93D5E
 |   |   |- Guid:A841C56F4566A3A5F1DF20B8267C3934 BaseClass: NativeClass:/Script/Engine.StaticMeshActor Name:StaticMeshActor_UAID_CC96E5378737225902_1100939464 Label:tree_Cylinder_002 SpatiallyLoaded:1 Bounds:IsValid=true, Min=(X=1816.776 Y=-5431.612 Z=-44.462), Max=(X=2186.427 Y=-5138.254 Z=295.997) RuntimeGrid:None EditorOnly:0 RuntimeOnly:0 HLODRelevant:1 FolderPath:Models FolderGuid:F1D00F5E4B39E8B2847EB4A76FE93D5E
 |   |   |- Guid:AA74242F4041CDDB170C2FA2DB1FDE19 BaseClass: NativeClass:/Script/Engine.TriggerBox Name:TriggerBox_UAID_CC96E5378737225902_1804910474 Label:Boundary2 SpatiallyLoaded:1 Bounds:IsValid=true, Min=(X=3595.308 Y=-7131.887 Z=-93.709), Max=(X=3597.017 Y=-4985.005 Z=78.362) RuntimeGrid:None EditorOnly:0 RuntimeOnly:0 HLODRelevant:0
 |   |   |- Guid:AECEEEE741E6DE68F6843FA49564A956 BaseClass: NativeClass:/Script/Engine.DirectionalLight Name:DirectionalLight_1 Label:DirectionalLight SpatiallyLoaded:0 Bounds:IsValid=true, Min=(X=-4398046511104.000 Y=-4398046511104.000 Z=-4398046511104.000), Max=(X=4398046511104.000 Y=4398046511104.000 Z=4398046511104.000) RuntimeGrid:None EditorOnly:0 RuntimeOnly:0 HLODRelevant:0 FolderPath:Lighting FolderGuid:4C9334684BA61B42C769F799D2576455
 |   |   |- Guid:B2073FD448CF5413E65BC088197D14BF BaseClass: NativeClass:/Script/Engine.TriggerBox Name:TriggerBox_UAID_CC96E53787373E5802_1503608345 Label:BridgeTriggerBox SpatiallyLoaded:1 Bounds:IsValid=true, Min=(X=2094.776 Y=-7224.829 Z=-81.414), Max=(X=2666.499 Y=-7121.709 Z=240.944) RuntimeGrid:None EditorOnly:0 RuntimeOnly:0 HLODRelevant:0
 |   |   |- Guid:BFEEA8CD42E71BE46877BC94A0D4C75D BaseClass: NativeClass:/Script/Engine.StaticMeshActor Name:StaticMeshActor_UAID_CC96E5378737225902_2064388480 Label:tree_Cylinder_9 SpatiallyLoaded:1 Bounds:IsValid=true, Min=(X=2997.148 Y=-10519.039 Z=754.286), Max=(X=3587.542 Y=-9856.888 Z=1588.057) RuntimeGrid:None EditorOnly:0 RuntimeOnly:0 HLODRelevant:1 FolderPath:Models FolderGuid:F1D00F5E4B39E8B2847EB4A76FE93D5E
 |   |   |- Guid:C30AA3264E3886344FEB1EAF425FF28B BaseClass: NativeClass:/Script/Engine.StaticMeshActor Name:StaticMeshActor_UAID_CC96E5378737375802_1704283104 Label:island SpatiallyLoaded:1 Bounds:IsValid=true, Min=(X=1332.220 Y=-7125.930 Z=-1191.355), Max=(X=3599.821 Y=-4993.264 Z=-44.415) RuntimeGrid:None EditorOnly:0 RuntimeOnly:0 HLODRelevant:1 Parent:5C3AE6BC4384D1C4E99DFBB2B60AF1A1 FolderPath:Models FolderGuid:F1D00F5E4B39E8B2847EB4A76FE93D5E
 |   |   |- Guid:C8897CE54BCDD3DDD467CEBF960EA892 BaseClass: NativeClass:/Script/Engine.StaticMeshActor Name:StaticMeshActor_UAID_CC96E5378737225902_2078001488 Label:tree_Cylinder_15 SpatiallyLoaded:1 Bounds:IsValid=true, Min=(X=7459.319 Y=-12346.044 Z=1526.127), Max=(X=7832.556 Y=-11846.122 Z=2265.647) RuntimeGrid:None EditorOnly:0 RuntimeOnly:0 HLODRelevant:1 FolderPath:Models FolderGuid:F1D00F5E4B39E8B2847EB4A76FE93D5E
 |   |   |- Guid:CCDD89584E0A9025F52AEDA51D60CA54 BaseClass: NativeClass:/Script/NavigationSystem.NavMeshBoundsVolume Name:NavMeshBoundsVolume_1 Label:NavMeshBoundsVolume SpatiallyLoaded:0 Bounds:IsValid=true, Min=(X=1011.428 Y=-7277.075 Z=-138.682), Max=(X=3787.354 Y=-4642.654 Z=-21.779) RuntimeGrid:None EditorOnly:0 RuntimeOnly:0 HLODRelevant:0 FolderPath:Navigation FolderGuid:AE45D61F453CC144CF8289862C276E89
 |   |   |- Guid:D24D61B944EF71BE7BC469B7EB239299 BaseClass: NativeClass:/Script/Engine.ExponentialHeightFog Name:ExponentialHeightFog_1 Label:ExponentialHeightFog SpatiallyLoaded:0 Bounds:IsValid=true, Min=(X=-5600.000 Y=-50.000 Z=-6850.000), Max=(X=-5600.000 Y=-50.000 Z=-6850.000) RuntimeGrid:None EditorOnly:0 RuntimeOnly:0 HLODRelevant:0 FolderPath:Lighting FolderGuid:4C9334684BA61B42C769F799D2576455
 |   |   |- Guid:D280CAF344DB8AEE28B080A552D31A07 BaseClass: NativeClass:/Script/Engine.TriggerBox Name:TriggerBox_UAID_CC96E5378737225902_1931040476 Label:Boundary4 SpatiallyLoaded:1 Bounds:IsValid=true, Min=(X=2644.261 Y=-7122.376 Z=-93.709), Max=(X=3583.191 Y=-7120.666 Z=78.362) RuntimeGrid:None EditorOnly:0 RuntimeOnly:0 HLODRelevant:0
 |   |   |- Guid:DD44B8D34D1ED325FEB872A73B7C91AC BaseClass: NativeClass:/Script/Engine.StaticMeshActor Name:StaticMeshActor_UAID_CC96E53787373A5802_1720893640 Label:island2 SpatiallyLoaded:1 Bounds:IsValid=true, Min=(X=1359.669 Y=-12453.797 Z=-395.891), Max=(X=3988.051 Y=-9713.989 Z=751.049) RuntimeGrid:None EditorOnly:0 RuntimeOnly:0 HLODRelevant:1 FolderPath:Models FolderGuid:F1D00F5E4B39E8B2847EB4A76FE93D5E
 |   |   |- Guid:F06E62D94987C886EC07B2AA8FC35056 BaseClass: NativeClass:/Script/Engine.StaticMeshActor Name:StaticMeshActor_UAID_CC96E5378737225902_1244081471 Label:tree_Cylinder_003 SpatiallyLoaded:1 Bounds:IsValid=true, Min=(X=2373.558 Y=-6216.663 Z=-45.162), Max=(X=2742.648 Y=-5806.095 Z=461.359) RuntimeGrid:None EditorOnly:0 RuntimeOnly:0 HLODRelevant:1 FolderPath:Models FolderGuid:F1D00F5E4B39E8B2847EB4A76FE93D5E
 |   |   |- Guid:F1957D044EFB407689096992656663B1 BaseClass: NativeClass:/Script/Engine.StaticMeshActor Name:StaticMeshActor_UAID_CC96E5378737225902_2077997484 Label:tree_Cylinder_5 SpatiallyLoaded:1 Bounds:IsValid=true, Min=(X=6993.646 Y=-10184.868 Z=1526.410), Max=(X=7739.057 Y=-9593.305 Z=2212.954) RuntimeGrid:None EditorOnly:0 RuntimeOnly:0 HLODRelevant:1 FolderPath:Models FolderGuid:F1D00F5E4B39E8B2847EB4A76FE93D5E
 |   |   |- Guid:F33CC5014C49925B3A9D52A063AF483F BaseClass: NativeClass:/Script/Engine.PlayerStart Name:PlayerStart_0 Label:PlayerStart SpatiallyLoaded:0 Bounds:IsValid=true, Min=(X=2152.129 Y=-5985.439 Z=45.877), Max=(X=2232.129 Y=-5905.439 Z=229.877) RuntimeGrid:None EditorOnly:0 RuntimeOnly:0 HLODRelevant:0
 |   |   |- Guid:FB842B7142FD7963668BD19B99632E7E BaseClass: NativeClass:/Script/Engine.StaticMeshActor Name:StaticMeshActor_UAID_CC96E5378737225902_2064387479 Label:tree_Cylinder_8 SpatiallyLoaded:1 Bounds:IsValid=true, Min=(X=1661.224 Y=-11444.560 Z=750.847), Max=(X=2060.421 Y=-11035.574 Z=1369.024) RuntimeGrid:None EditorOnly:0 RuntimeOnly:0 HLODRelevant:1 FolderPath:Models FolderGuid:F1D00F5E4B39E8B2847EB4A76FE93D5E
 |   |- [+] Clusters:
 |   |   |- [+] [  0]
 |   |   |   |- Guid:A841C56F4566A3A5F1DF20B8267C3934 BaseClass: NativeClass:/Script/Engine.StaticMeshActor Name:StaticMeshActor_UAID_CC96E5378737225902_1100939464 Label:tree_Cylinder_002 SpatiallyLoaded:1 Bounds:IsValid=true, Min=(X=1816.776 Y=-5431.612 Z=-44.462), Max=(X=2186.427 Y=-5138.254 Z=295.997) RuntimeGrid:None EditorOnly:0 RuntimeOnly:0 HLODRelevant:1 FolderPath:Models FolderGuid:F1D00F5E4B39E8B2847EB4A76FE93D5E
 |   |   |- [+] [  1]
 |   |   |   |- Guid:77F893B3468595EE782136AD620D7EF4 BaseClass: NativeClass:/Script/Engine.VolumetricCloud Name:VolumetricCloud_0 Label:VolumetricCloud SpatiallyLoaded:0 Bounds:IsValid=true, Min=(X=0.000 Y=0.000 Z=820.000), Max=(X=0.000 Y=0.000 Z=820.000) RuntimeGrid:None EditorOnly:0 RuntimeOnly:0 HLODRelevant:0 FolderPath:Lighting FolderGuid:4C9334684BA61B42C769F799D2576455
 |   |   |- [+] [  2]
 |   |   |   |- Guid:6252C7D64ACF162A73EE65B11FE214D1 BaseClass: NativeClass:/Script/Engine.SkyAtmosphere Name:SkyAtmosphere_1 Label:SkyAtmosphere SpatiallyLoaded:0 Bounds:IsValid=true, Min=(X=0.000 Y=0.000 Z=1020.000), Max=(X=0.000 Y=0.000 Z=1020.000) RuntimeGrid:None EditorOnly:0 RuntimeOnly:0 HLODRelevant:0 FolderPath:Lighting FolderGuid:4C9334684BA61B42C769F799D2576455
 |   |   |- [+] [  3]
 |   |   |   |- Guid:F33CC5014C49925B3A9D52A063AF483F BaseClass: NativeClass:/Script/Engine.PlayerStart Name:PlayerStart_0 Label:PlayerStart SpatiallyLoaded:0 Bounds:IsValid=true, Min=(X=2152.129 Y=-5985.439 Z=45.877), Max=(X=2232.129 Y=-5905.439 Z=229.877) RuntimeGrid:None EditorOnly:0 RuntimeOnly:0 HLODRelevant:0
 |   |   |- [+] [  4]
 |   |   |   |- Guid:B2073FD448CF5413E65BC088197D14BF BaseClass: NativeClass:/Script/Engine.TriggerBox Name:TriggerBox_UAID_CC96E53787373E5802_1503608345 Label:BridgeTriggerBox SpatiallyLoaded:1 Bounds:IsValid=true, Min=(X=2094.776 Y=-7224.829 Z=-81.414), Max=(X=2666.499 Y=-7121.709 Z=240.944) RuntimeGrid:None EditorOnly:0 RuntimeOnly:0 HLODRelevant:0
 |   |   |- [+] [  5]
 |   |   |   |- Guid:A677E52C416D9523598EB7A067170E79 BaseClass: NativeClass:/Script/Engine.StaticMeshActor Name:StaticMeshActor_UAID_CC96E5378737235902_1115576666 Label:tree_Cylinder_17 SpatiallyLoaded:1 Bounds:IsValid=true, Min=(X=8992.387 Y=-10109.568 Z=1521.579), Max=(X=9520.714 Y=-9592.446 Z=2311.715) RuntimeGrid:None EditorOnly:0 RuntimeOnly:0 HLODRelevant:1 FolderPath:Models FolderGuid:F1D00F5E4B39E8B2847EB4A76FE93D5E
 |   |   |- [+] [  6]
 |   |   |   |- Guid:D280CAF344DB8AEE28B080A552D31A07 BaseClass: NativeClass:/Script/Engine.TriggerBox Name:TriggerBox_UAID_CC96E5378737225902_1931040476 Label:Boundary4 SpatiallyLoaded:1 Bounds:IsValid=true, Min=(X=2644.261 Y=-7122.376 Z=-93.709), Max=(X=3583.191 Y=-7120.666 Z=78.362) RuntimeGrid:None EditorOnly:0 RuntimeOnly:0 HLODRelevant:0
 |   |   |- [+] [  7]
 |   |   |   |- Guid:7D90A52A46D7E39B05002A914186EDE0 BaseClass: NativeClass:/Script/Engine.StaticMeshActor Name:StaticMeshActor_UAID_CC96E5378737385802_1075645286 Label:bridge2 SpatiallyLoaded:1 Bounds:IsValid=true, Min=(X=3821.597 Y=-11470.681 Z=698.467), Max=(X=6708.890 Y=-10631.307 Z=1905.748) RuntimeGrid:None EditorOnly:0 RuntimeOnly:0 HLODRelevant:1 FolderPath:Models FolderGuid:F1D00F5E4B39E8B2847EB4A76FE93D5E
 |   |   |- [+] [  8]
 |   |   |   |- Guid:F1957D044EFB407689096992656663B1 BaseClass: NativeClass:/Script/Engine.StaticMeshActor Name:StaticMeshActor_UAID_CC96E5378737225902_2077997484 Label:tree_Cylinder_5 SpatiallyLoaded:1 Bounds:IsValid=true, Min=(X=6993.646 Y=-10184.868 Z=1526.410), Max=(X=7739.057 Y=-9593.305 Z=2212.954) RuntimeGrid:None EditorOnly:0 RuntimeOnly:0 HLODRelevant:1 FolderPath:Models FolderGuid:F1D00F5E4B39E8B2847EB4A76FE93D5E
 |   |   |- [+] [  9]
 |   |   |   |- Guid:AA74242F4041CDDB170C2FA2DB1FDE19 BaseClass: NativeClass:/Script/Engine.TriggerBox Name:TriggerBox_UAID_CC96E5378737225902_1804910474 Label:Boundary2 SpatiallyLoaded:1 Bounds:IsValid=true, Min=(X=3595.308 Y=-7131.887 Z=-93.709), Max=(X=3597.017 Y=-4985.005 Z=78.362) RuntimeGrid:None EditorOnly:0 RuntimeOnly:0 HLODRelevant:0
 |   |   |- [+] [ 10]
 |   |   |   |- Guid:1CF0535C48B6B86F30EF5B87E1188C52 BaseClass: NativeClass:/Script/Engine.TriggerBox Name:TriggerBox_UAID_CC96E5378737225902_1865267475 Label:Boundary3 SpatiallyLoaded:1 Bounds:IsValid=true, Min=(X=1313.207 Y=-5001.821 Z=-93.709), Max=(X=3620.119 Y=-5000.112 Z=78.362) RuntimeGrid:None EditorOnly:0 RuntimeOnly:0 HLODRelevant:0
 |   |   |- [+] [ 11]
 |   |   |   |- Guid:0FBD4A4148405141060345923BC022A8 BaseClass: NativeClass:/Script/Engine.StaticMeshActor Name:StaticMeshActor_UAID_CC96E5378737225902_2078000487 Label:tree_Cylinder_14 SpatiallyLoaded:1 Bounds:IsValid=true, Min=(X=7867.058 Y=-11344.901 Z=1524.315), Max=(X=8398.741 Y=-10753.467 Z=2253.969) RuntimeGrid:None EditorOnly:0 RuntimeOnly:0 HLODRelevant:1 FolderPath:Models FolderGuid:F1D00F5E4B39E8B2847EB4A76FE93D5E
 |   |   |- [+] [ 12]
 |   |   |   |- Guid:362955DC4E7167A21D78C39D77647046 BaseClass: NativeClass:/Script/Engine.StaticMeshActor Name:StaticMeshActor_UAID_CC96E5378737225902_2064388481 Label:tree_Cylinder_4 SpatiallyLoaded:1 Bounds:IsValid=true, Min=(X=2100.269 Y=-12301.031 Z=753.444), Max=(X=2605.489 Y=-11739.034 Z=1446.783) RuntimeGrid:None EditorOnly:0 RuntimeOnly:0 HLODRelevant:1 FolderPath:Models FolderGuid:F1D00F5E4B39E8B2847EB4A76FE93D5E
 |   |   |- [+] [ 13]
 |   |   |   |- Guid:1FEC8FAC495CEF0CE32492ADCBB96BAE BaseClass: NativeClass:/Script/AIModule.NavLinkProxy Name:NavLinkProxy_3 Label:NavLinkProxy3 SpatiallyLoaded:1 Bounds:IsValid=true, Min=(X=2240.000 Y=1030.000 Z=90.000), Max=(X=2240.000 Y=1030.000 Z=90.000) RuntimeGrid:None EditorOnly:0 RuntimeOnly:0 HLODRelevant:0 FolderPath:Navigation FolderGuid:AE45D61F453CC144CF8289862C276E89
 |   |   |- [+] [ 14]
 |   |   |   |- Guid:08A874E542CA700F9DEC6184C1A7C4AC BaseClass: NativeClass:/Script/Engine.StaticMeshActor Name:StaticMeshActor_UAID_CC96E5378737225902_2064390483 Label:tree_Cylinder_11 SpatiallyLoaded:1 Bounds:IsValid=true, Min=(X=3252.728 Y=-11876.598 Z=751.963), Max=(X=3535.532 Y=-11586.859 Z=1189.900) RuntimeGrid:None EditorOnly:0 RuntimeOnly:0 HLODRelevant:1 FolderPath:Models FolderGuid:F1D00F5E4B39E8B2847EB4A76FE93D5E
 |   |   |- [+] [ 15]
 |   |   |   |- Guid:112DEAC845DC92F57BA80E812B899F38 BaseClass: NativeClass:/Script/Engine.StaticMeshActor Name:StaticMeshActor_UAID_CC96E5378737225902_2077999486 Label:tree_Cylinder_13 SpatiallyLoaded:1 Bounds:IsValid=true, Min=(X=8681.489 Y=-12378.368 Z=1525.661), Max=(X=9312.219 Y=-11682.568 Z=2395.106) RuntimeGrid:None EditorOnly:0 RuntimeOnly:0 HLODRelevant:1 FolderPath:Models FolderGuid:F1D00F5E4B39E8B2847EB4A76FE93D5E
 |   |   |- [+] [ 16]
 |   |   |   |- Guid:8CFF6FF1496F152D94B206A658385147 BaseClass: NativeClass:/Script/Engine.StaticMeshActor Name:StaticMeshActor_UAID_CC96E5378737225902_1153973467 Label:tree_Cylinder_7 SpatiallyLoaded:1 Bounds:IsValid=true, Min=(X=1413.878 Y=-6316.079 Z=-46.900), Max=(X=1687.975 Y=-6035.261 Z=377.553) RuntimeGrid:None EditorOnly:0 RuntimeOnly:0 HLODRelevant:1 FolderPath:Models FolderGuid:F1D00F5E4B39E8B2847EB4A76FE93D5E
 |   |   |- [+] [ 17]
 |   |   |   |- Guid:9E85E29143B315562EC5F7B0F683EFD8 BaseClass: NativeClass:/Script/Engine.StaticMeshActor Name:StaticMeshActor_UAID_CC96E5378737225902_1173911468 Label:tree_Cylinder_005 SpatiallyLoaded:1 Bounds:IsValid=true, Min=(X=2836.775 Y=-5814.374 Z=-44.527), Max=(X=3254.875 Y=-5425.054 Z=473.772) RuntimeGrid:None EditorOnly:0 RuntimeOnly:0 HLODRelevant:1 FolderPath:Models FolderGuid:F1D00F5E4B39E8B2847EB4A76FE93D5E
 |   |   |- [+] [ 18]
 |   |   |   |- Guid:AECEEEE741E6DE68F6843FA49564A956 BaseClass: NativeClass:/Script/Engine.DirectionalLight Name:DirectionalLight_1 Label:DirectionalLight SpatiallyLoaded:0 Bounds:IsValid=true, Min=(X=-4398046511104.000 Y=-4398046511104.000 Z=-4398046511104.000), Max=(X=4398046511104.000 Y=4398046511104.000 Z=4398046511104.000) RuntimeGrid:None EditorOnly:0 RuntimeOnly:0 HLODRelevant:0 FolderPath:Lighting FolderGuid:4C9334684BA61B42C769F799D2576455
 |   |   |- [+] [ 19]
 |   |   |   |- Guid:F06E62D94987C886EC07B2AA8FC35056 BaseClass: NativeClass:/Script/Engine.StaticMeshActor Name:StaticMeshActor_UAID_CC96E5378737225902_1244081471 Label:tree_Cylinder_003 SpatiallyLoaded:1 Bounds:IsValid=true, Min=(X=2373.558 Y=-6216.663 Z=-45.162), Max=(X=2742.648 Y=-5806.095 Z=461.359) RuntimeGrid:None EditorOnly:0 RuntimeOnly:0 HLODRelevant:1 FolderPath:Models FolderGuid:F1D00F5E4B39E8B2847EB4A76FE93D5E
 |   |   |- [+] [ 20]
 |   |   |   |- Guid:2E23D96443DF8B2923571B86AB671DE0 BaseClass: NativeClass:/Script/Engine.StaticMeshActor Name:StaticMeshActor_UAID_CC96E5378737225902_1264962472 Label:tree_Cylinder_6 SpatiallyLoaded:1 Bounds:IsValid=true, Min=(X=1760.244 Y=-6989.518 Z=-44.499), Max=(X=1956.257 Y=-6726.974 Z=343.875) RuntimeGrid:None EditorOnly:0 RuntimeOnly:0 HLODRelevant:1 FolderPath:Models FolderGuid:F1D00F5E4B39E8B2847EB4A76FE93D5E
 |   |   |- [+] [ 21]
 |   |   |   |- Guid:FB842B7142FD7963668BD19B99632E7E BaseClass: NativeClass:/Script/Engine.StaticMeshActor Name:StaticMeshActor_UAID_CC96E5378737225902_2064387479 Label:tree_Cylinder_8 SpatiallyLoaded:1 Bounds:IsValid=true, Min=(X=1661.224 Y=-11444.560 Z=750.847), Max=(X=2060.421 Y=-11035.574 Z=1369.024) RuntimeGrid:None EditorOnly:0 RuntimeOnly:0 HLODRelevant:1 FolderPath:Models FolderGuid:F1D00F5E4B39E8B2847EB4A76FE93D5E
 |   |   |- [+] [ 22]
 |   |   |   |- Guid:BFEEA8CD42E71BE46877BC94A0D4C75D BaseClass: NativeClass:/Script/Engine.StaticMeshActor Name:StaticMeshActor_UAID_CC96E5378737225902_2064388480 Label:tree_Cylinder_9 SpatiallyLoaded:1 Bounds:IsValid=true, Min=(X=2997.148 Y=-10519.039 Z=754.286), Max=(X=3587.542 Y=-9856.888 Z=1588.057) RuntimeGrid:None EditorOnly:0 RuntimeOnly:0 HLODRelevant:1 FolderPath:Models FolderGuid:F1D00F5E4B39E8B2847EB4A76FE93D5E
 |   |   |- [+] [ 23]
 |   |   |   |- Guid:C30AA3264E3886344FEB1EAF425FF28B BaseClass: NativeClass:/Script/Engine.StaticMeshActor Name:StaticMeshActor_UAID_CC96E5378737375802_1704283104 Label:island SpatiallyLoaded:1 Bounds:IsValid=true, Min=(X=1332.220 Y=-7125.930 Z=-1191.355), Max=(X=3599.821 Y=-4993.264 Z=-44.415) RuntimeGrid:None EditorOnly:0 RuntimeOnly:0 HLODRelevant:1 Parent:5C3AE6BC4384D1C4E99DFBB2B60AF1A1 FolderPath:Models FolderGuid:F1D00F5E4B39E8B2847EB4A76FE93D5E
 |   |   |   |- Guid:5C3AE6BC4384D1C4E99DFBB2B60AF1A1 BaseClass: NativeClass:/Script/Engine.StaticMeshActor Name:StaticMeshActor_UAID_CC96E5378737375802_2043206109 Label:bridge SpatiallyLoaded:1 Bounds:IsValid=true, Min=(X=2110.938 Y=-9878.486 Z=-98.005), Max=(X=2671.209 Y=-6991.193 Z=1109.276) RuntimeGrid:None EditorOnly:0 RuntimeOnly:0 HLODRelevant:1 FolderPath:Models FolderGuid:F1D00F5E4B39E8B2847EB4A76FE93D5E
 |   |   |- [+] [ 24]
 |   |   |   |- Guid:DD44B8D34D1ED325FEB872A73B7C91AC BaseClass: NativeClass:/Script/Engine.StaticMeshActor Name:StaticMeshActor_UAID_CC96E53787373A5802_1720893640 Label:island2 SpatiallyLoaded:1 Bounds:IsValid=true, Min=(X=1359.669 Y=-12453.797 Z=-395.891), Max=(X=3988.051 Y=-9713.989 Z=751.049) RuntimeGrid:None EditorOnly:0 RuntimeOnly:0 HLODRelevant:1 FolderPath:Models FolderGuid:F1D00F5E4B39E8B2847EB4A76FE93D5E
 |   |   |- [+] [ 25]
 |   |   |   |- Guid:2DF0D95440BE0EDA81652F860DC7268E BaseClass: NativeClass:/Script/Engine.WorldDataLayers Name:WorldDataLayers Label:WorldDataLayers SpatiallyLoaded:0 Bounds:IsValid=true, Min=(X=0.000 Y=0.000 Z=0.000), Max=(X=0.000 Y=0.000 Z=0.000) RuntimeGrid:None EditorOnly:0 RuntimeOnly:0 HLODRelevant:0
 |   |   |- [+] [ 26]
 |   |   |   |- Guid:51565B5C48C72767492235BF90298395 BaseClass: NativeClass:/Script/Engine.StaticMeshActor Name:StaticMeshActor_UAID_CC96E5378737375802_1768598108 Label:island3 SpatiallyLoaded:1 Bounds:IsValid=true, Min=(X=6580.006 Y=-12897.050 Z=381.929), Max=(X=9805.972 Y=-9412.725 Z=1528.869) RuntimeGrid:None EditorOnly:0 RuntimeOnly:0 HLODRelevant:1 FolderPath:Models FolderGuid:F1D00F5E4B39E8B2847EB4A76FE93D5E
 |   |   |- [+] [ 27]
 |   |   |   |- Guid:8362257C4333FF103698F0BDF497229A BaseClass: NativeClass:/Script/Engine.StaticMeshActor Name:StaticMeshActor_UAID_CC96E5378737225902_1129176465 Label:tree_Cylinder_006 SpatiallyLoaded:1 Bounds:IsValid=true, Min=(X=3021.524 Y=-6764.785 Z=-46.917), Max=(X=3304.327 Y=-6475.046 Z=391.019) RuntimeGrid:None EditorOnly:0 RuntimeOnly:0 HLODRelevant:1 FolderPath:Models FolderGuid:F1D00F5E4B39E8B2847EB4A76FE93D5E
 |   |   |- [+] [ 28]
 |   |   |   |- Guid:147C8D134B12D635012D5F8C57D2C96F BaseClass: NativeClass:/Script/Engine.PostProcessVolume Name:PostProcessVolume_1 Label:PostProcessVolume SpatiallyLoaded:0 Bounds:IsValid=true, Min=(X=0.000 Y=0.000 Z=400.000), Max=(X=200.000 Y=200.000 Z=600.000) RuntimeGrid:None EditorOnly:0 RuntimeOnly:0 HLODRelevant:0 FolderPath:Lighting FolderGuid:4C9334684BA61B42C769F799D2576455
 |   |   |- [+] [ 29]
 |   |   |   |- Guid:010E5DEC40CF3F4F8D75D2AD96E171F9 BaseClass: NativeClass:/Script/Engine.TriggerBox Name:TriggerBox_UAID_CC96E5378737225902_1703180473 Label:Boundary1 SpatiallyLoaded:1 Bounds:IsValid=true, Min=(X=1335.031 Y=-7131.887 Z=-93.709), Max=(X=1336.740 Y=-4985.005 Z=78.362) RuntimeGrid:None EditorOnly:0 RuntimeOnly:0 HLODRelevant:0
 |   |   |- [+] [ 30]
 |   |   |   |- Guid:66BCBF874D2A22ADC6523B95EE812CA3 BaseClass: NativeClass:/Script/Engine.StaticMeshActor Name:StaticMeshActor_UAID_A4AE111137DC5CFB00_1660657071 Label:SM_SkySphere SpatiallyLoaded:0 Bounds:IsValid=true, Min=(X=-1638400.000 Y=-1638400.000 Z=-1638400.000), Max=(X=1638400.000 Y=1638400.000 Z=1638400.000) RuntimeGrid:None EditorOnly:0 RuntimeOnly:0 HLODRelevant:1 FolderPath:Lighting FolderGuid:4C9334684BA61B42C769F799D2576455
 |   |   |- [+] [ 31]
 |   |   |   |- Guid:56306A2A48FAFD3133A7CF8483E45807 BaseClass: NativeClass:/Script/Engine.TriggerBox Name:TriggerBox_UAID_CC96E5378737225902_1965421477 Label:Boundary5 SpatiallyLoaded:1 Bounds:IsValid=true, Min=(X=1320.870 Y=-7122.375 Z=-93.709), Max=(X=2118.930 Y=-7120.666 Z=78.362) RuntimeGrid:None EditorOnly:0 RuntimeOnly:0 HLODRelevant:0
 |   |   |- [+] [ 32]
 |   |   |   |- Guid:CCDD89584E0A9025F52AEDA51D60CA54 BaseClass: NativeClass:/Script/NavigationSystem.NavMeshBoundsVolume Name:NavMeshBoundsVolume_1 Label:NavMeshBoundsVolume SpatiallyLoaded:0 Bounds:IsValid=true, Min=(X=1011.428 Y=-7277.075 Z=-138.682), Max=(X=3787.354 Y=-4642.654 Z=-21.779) RuntimeGrid:None EditorOnly:0 RuntimeOnly:0 HLODRelevant:0 FolderPath:Navigation FolderGuid:AE45D61F453CC144CF8289862C276E89
 |   |   |- [+] [ 33]
 |   |   |   |- Guid:1742DF43475F097453197AA79C7473D9 BaseClass: NativeClass:/Script/Engine.SkyLight Name:SkyLight_1 Label:SkyLight SpatiallyLoaded:0 Bounds:IsValid=true, Min=(X=0.000 Y=0.000 Z=690.000), Max=(X=0.000 Y=0.000 Z=690.000) RuntimeGrid:None EditorOnly:0 RuntimeOnly:0 HLODRelevant:0 FolderPath:Lighting FolderGuid:4C9334684BA61B42C769F799D2576455
 |   |   |- [+] [ 34]
 |   |   |   |- Guid:5FBAA78240AF49AF46960CAC06B096E2 BaseClass: NativeClass:/Script/Engine.StaticMeshActor Name:StaticMeshActor_UAID_CC96E5378737225902_2078001489 Label:tree_Cylinder_16 SpatiallyLoaded:1 Bounds:IsValid=true, Min=(X=9074.961 Y=-10990.742 Z=1521.735), Max=(X=9507.184 Y=-10547.921 Z=2191.054) RuntimeGrid:None EditorOnly:0 RuntimeOnly:0 HLODRelevant:1 FolderPath:Models FolderGuid:F1D00F5E4B39E8B2847EB4A76FE93D5E
 |   |   |- [+] [ 35]
 |   |   |   |- Guid:C8897CE54BCDD3DDD467CEBF960EA892 BaseClass: NativeClass:/Script/Engine.StaticMeshActor Name:StaticMeshActor_UAID_CC96E5378737225902_2078001488 Label:tree_Cylinder_15 SpatiallyLoaded:1 Bounds:IsValid=true, Min=(X=7459.319 Y=-12346.044 Z=1526.127), Max=(X=7832.556 Y=-11846.122 Z=2265.647) RuntimeGrid:None EditorOnly:0 RuntimeOnly:0 HLODRelevant:1 FolderPath:Models FolderGuid:F1D00F5E4B39E8B2847EB4A76FE93D5E
 |   |   |- [+] [ 36]
 |   |   |   |- Guid:D24D61B944EF71BE7BC469B7EB239299 BaseClass: NativeClass:/Script/Engine.ExponentialHeightFog Name:ExponentialHeightFog_1 Label:ExponentialHeightFog SpatiallyLoaded:0 Bounds:IsValid=true, Min=(X=-5600.000 Y=-50.000 Z=-6850.000), Max=(X=-5600.000 Y=-50.000 Z=-6850.000) RuntimeGrid:None EditorOnly:0 RuntimeOnly:0 HLODRelevant:0 FolderPath:Lighting FolderGuid:4C9334684BA61B42C769F799D2576455
 |- ContainerInstances:
 |- [+] MainContainer:
 |   |-        ID: 0x0000000000000000
 |   |-    Bounds: IsValid=false, Min=(X=0.000 Y=0.000 Z=0.000), Max=(X=0.000 Y=0.000 Z=0.000)
 |   |- Transform: 0.000000,0.000000,0.000000|0.000000,0.000000,-0.000000|1.000000,1.000000,1.000000
 |   |- Container: /Game/Maps/TopDownMap
----------------------------------------------------------------------------------------------------------------
TopDownMap - Persistent Level
----------------------------------------------------------------------------------------------------------------
Always loaded Actor Count: 46 

----------------------------------------------------------------------------------------------------------------
TopDownMap - Runtime Spatial Hash - Streaming Grid - MainGrid
----------------------------------------------------------------------------------------------------------------
            Origin: X=0.000 Y=0.000 Z=0.000
         Cell Size: 12800
      World Bounds: IsValid=false, Min=(X=0.000 Y=0.000 Z=0.000), Max=(X=0.000 Y=0.000 Z=0.000)
     Loading Range: 25600.00
Block Slow Loading: No
 ClientOnlyVisible: No

[+] Grid Levels: 1
 |- Level  0: Cell Count    0 | Cell Size   12800 | Actor Count    0 (0.0%)

[+] Content of Grid Level 0

